This is pdfTeX, Version 3.141592653-2.6-1.40.25 (MiKTeX 24.1) (preloaded format=pdflatex 2025.10.7)  7 OCT 2025 13:15
entering extended mode
 restricted \write18 enabled.
 %&-line parsing enabled.
**./main.tex
(main.tex
LaTeX2e <2023-11-01> patch level 1
L3 programming layer <2024-01-04>
(C:\Users\PC\AppData\Local\Programs\MiKTeX\tex/latex/beamer\beamer.cls
Document Class: beamer 2025/08/13 v3.76 A class for typesetting presentations

(C:\Users\PC\AppData\Local\Programs\MiKTeX\tex/latex/beamer\beamerbasemodes.sty
(C:\Users\PC\AppData\Local\Programs\MiKTeX\tex/latex/etoolbox\etoolbox.sty
Package: etoolbox 2020/10/05 v2.5k e-TeX tools for LaTeX (JAW)
\etb@tempcnta=\count187
)
\beamer@tempbox=\box51
\beamer@tempcount=\count188
\c@beamerpauses=\count189

(C:\Users\PC\AppData\Local\Programs\MiKTeX\tex/latex/beamer\beamerbasedecode.st
y
\beamer@slideinframe=\count190
\beamer@minimum=\count191
\beamer@decode@box=\box52
)
\beamer@commentbox=\box53
\beamer@modecount=\count192
) (C:\Users\PC\AppData\Local\Programs\MiKTeX\tex/generic/iftex\iftex.sty
Package: iftex 2022/02/03 v1.0f TeX engine tests
)
\headdp=\dimen140
\footheight=\dimen141
\sidebarheight=\dimen142
\beamer@tempdim=\dimen143
\beamer@finalheight=\dimen144
\beamer@animht=\dimen145
\beamer@animdp=\dimen146
\beamer@animwd=\dimen147
\beamer@leftmargin=\dimen148
\beamer@rightmargin=\dimen149
\beamer@leftsidebar=\dimen150
\beamer@rightsidebar=\dimen151
\beamer@boxsize=\dimen152
\beamer@vboxoffset=\dimen153
\beamer@descdefault=\dimen154
\beamer@descriptionwidth=\dimen155
\beamer@lastskip=\skip48
\beamer@areabox=\box54
\beamer@animcurrent=\box55
\beamer@animshowbox=\box56
\beamer@sectionbox=\box57
\beamer@logobox=\box58
\beamer@linebox=\box59
\beamer@sectioncount=\count193
\beamer@subsubsectionmax=\count194
\beamer@subsectionmax=\count195
\beamer@sectionmax=\count196
\beamer@totalheads=\count197
\beamer@headcounter=\count198
\beamer@partstartpage=\count199
\beamer@sectionstartpage=\count266
\beamer@subsectionstartpage=\count267
\beamer@animationtempa=\count268
\beamer@animationtempb=\count269
\beamer@xpos=\count270
\beamer@ypos=\count271
\beamer@ypos@offset=\count272
\beamer@showpartnumber=\count273
\beamer@currentsubsection=\count274
\beamer@coveringdepth=\count275
\beamer@sectionadjust=\count276
\beamer@toclastsection=\count277
\beamer@tocsectionnumber=\count278

(C:\Users\PC\AppData\Local\Programs\MiKTeX\tex/latex/beamer\beamerbaseoptions.s
ty (C:\Users\PC\AppData\Local\Programs\MiKTeX\tex/latex/graphics\keyval.sty
Package: keyval 2022/05/29 v1.15 key=value parser (DPC)
\KV@toks@=\toks17
))
\beamer@paperwidth=\skip49
\beamer@paperheight=\skip50

(C:\Users\PC\AppData\Local\Programs\MiKTeX\tex/latex/geometry\geometry.sty
Package: geometry 2020/01/02 v5.9 Page Geometry

(C:\Users\PC\AppData\Local\Programs\MiKTeX\tex/generic/iftex\ifvtex.sty
Package: ifvtex 2019/10/25 v1.7 ifvtex legacy package. Use iftex instead.
)
\Gm@cnth=\count279
\Gm@cntv=\count280
\c@Gm@tempcnt=\count281
\Gm@bindingoffset=\dimen156
\Gm@wd@mp=\dimen157
\Gm@odd@mp=\dimen158
\Gm@even@mp=\dimen159
\Gm@layoutwidth=\dimen160
\Gm@layoutheight=\dimen161
\Gm@layouthoffset=\dimen162
\Gm@layoutvoffset=\dimen163
\Gm@dimlist=\toks18

(C:\Users\PC\AppData\Local\Programs\MiKTeX\tex/latex/geometry\geometry.cfg))
(C:\Users\PC\AppData\Local\Programs\MiKTeX\tex/latex/pgf/math\pgfmath.sty
(C:\Users\PC\AppData\Local\Programs\MiKTeX\tex/latex/pgf/utilities\pgfrcs.sty
(C:\Users\PC\AppData\Local\Programs\MiKTeX\tex/generic/pgf/utilities\pgfutil-co
mmon.tex
\pgfutil@everybye=\toks19
\pgfutil@tempdima=\dimen164
\pgfutil@tempdimb=\dimen165
)
(C:\Users\PC\AppData\Local\Programs\MiKTeX\tex/generic/pgf/utilities\pgfutil-la
tex.def
\pgfutil@abb=\box60
)
(C:\Users\PC\AppData\Local\Programs\MiKTeX\tex/generic/pgf/utilities\pgfrcs.cod
e.tex
(C:\Users\PC\AppData\Local\Programs\MiKTeX\tex/generic/pgf\pgf.revision.tex)
Package: pgfrcs 2023-01-15 v3.1.10 (3.1.10)
))
(C:\Users\PC\AppData\Local\Programs\MiKTeX\tex/latex/pgf/utilities\pgfkeys.sty
(C:\Users\PC\AppData\Local\Programs\MiKTeX\tex/generic/pgf/utilities\pgfkeys.co
de.tex
\pgfkeys@pathtoks=\toks20
\pgfkeys@temptoks=\toks21

(C:\Users\PC\AppData\Local\Programs\MiKTeX\tex/generic/pgf/utilities\pgfkeyslib
raryfiltered.code.tex
\pgfkeys@tmptoks=\toks22
)))
(C:\Users\PC\AppData\Local\Programs\MiKTeX\tex/generic/pgf/math\pgfmath.code.te
x
(C:\Users\PC\AppData\Local\Programs\MiKTeX\tex/generic/pgf/math\pgfmathutil.cod
e.tex
\pgf@x=\dimen166
\pgf@xa=\dimen167
\pgf@xb=\dimen168
\pgf@xc=\dimen169
\pgf@y=\dimen170
\pgf@ya=\dimen171
\pgf@yb=\dimen172
\pgf@yc=\dimen173
\c@pgf@counta=\count282
\c@pgf@countb=\count283
\c@pgf@countc=\count284
\c@pgf@countd=\count285
)
(C:\Users\PC\AppData\Local\Programs\MiKTeX\tex/generic/pgf/math\pgfmathparser.c
ode.tex
\pgfmath@dimen=\dimen174
\pgfmath@count=\count286
\pgfmath@box=\box61
\pgfmath@toks=\toks23
\pgfmath@stack@operand=\toks24
\pgfmath@stack@operation=\toks25
)
(C:\Users\PC\AppData\Local\Programs\MiKTeX\tex/generic/pgf/math\pgfmathfunction
s.code.tex)
(C:\Users\PC\AppData\Local\Programs\MiKTeX\tex/generic/pgf/math\pgfmathfunction
s.basic.code.tex)
(C:\Users\PC\AppData\Local\Programs\MiKTeX\tex/generic/pgf/math\pgfmathfunction
s.trigonometric.code.tex)
(C:\Users\PC\AppData\Local\Programs\MiKTeX\tex/generic/pgf/math\pgfmathfunction
s.random.code.tex)
(C:\Users\PC\AppData\Local\Programs\MiKTeX\tex/generic/pgf/math\pgfmathfunction
s.comparison.code.tex)
(C:\Users\PC\AppData\Local\Programs\MiKTeX\tex/generic/pgf/math\pgfmathfunction
s.base.code.tex)
(C:\Users\PC\AppData\Local\Programs\MiKTeX\tex/generic/pgf/math\pgfmathfunction
s.round.code.tex)
(C:\Users\PC\AppData\Local\Programs\MiKTeX\tex/generic/pgf/math\pgfmathfunction
s.misc.code.tex)
(C:\Users\PC\AppData\Local\Programs\MiKTeX\tex/generic/pgf/math\pgfmathfunction
s.integerarithmetics.code.tex)
(C:\Users\PC\AppData\Local\Programs\MiKTeX\tex/generic/pgf/math\pgfmathcalc.cod
e.tex)
(C:\Users\PC\AppData\Local\Programs\MiKTeX\tex/generic/pgf/math\pgfmathfloat.co
de.tex
\c@pgfmathroundto@lastzeros=\count287
))) (C:\Users\PC\AppData\Local\Programs\MiKTeX\tex/latex/base\size11.clo
File: size11.clo 2023/05/17 v1.4n Standard LaTeX file (size option)
)
(C:\Users\PC\AppData\Local\Programs\MiKTeX\tex/latex/pgf/basiclayer\pgfcore.sty
(C:\Users\PC\AppData\Local\Programs\MiKTeX\tex/latex/graphics\graphicx.sty
Package: graphicx 2021/09/16 v1.2d Enhanced LaTeX Graphics (DPC,SPQR)

(C:\Users\PC\AppData\Local\Programs\MiKTeX\tex/latex/graphics\graphics.sty
Package: graphics 2022/03/10 v1.4e Standard LaTeX Graphics (DPC,SPQR)

(C:\Users\PC\AppData\Local\Programs\MiKTeX\tex/latex/graphics\trig.sty
Package: trig 2021/08/11 v1.11 sin cos tan (DPC)
)
(C:\Users\PC\AppData\Local\Programs\MiKTeX\tex/latex/graphics-cfg\graphics.cfg
File: graphics.cfg 2016/06/04 v1.11 sample graphics configuration
)
Package graphics Info: Driver file: pdftex.def on input line 107.
(C:\Users\PC\AppData\Local\Programs\MiKTeX\tex/latex/graphics-def\pdftex.def
File: pdftex.def 2022/09/22 v1.2b Graphics/color driver for pdftex
))
\Gin@req@height=\dimen175
\Gin@req@width=\dimen176
)
(C:\Users\PC\AppData\Local\Programs\MiKTeX\tex/latex/pgf/systemlayer\pgfsys.sty

(C:\Users\PC\AppData\Local\Programs\MiKTeX\tex/generic/pgf/systemlayer\pgfsys.c
ode.tex
Package: pgfsys 2023-01-15 v3.1.10 (3.1.10)
\pgf@x=\dimen177
\pgf@y=\dimen178
\pgf@xa=\dimen179
\pgf@ya=\dimen180
\pgf@xb=\dimen181
\pgf@yb=\dimen182
\pgf@xc=\dimen183
\pgf@yc=\dimen184
\pgf@xd=\dimen185
\pgf@yd=\dimen186
\w@pgf@writea=\write3
\r@pgf@reada=\read2
\c@pgf@counta=\count288
\c@pgf@countb=\count289
\c@pgf@countc=\count290
\c@pgf@countd=\count291
\t@pgf@toka=\toks26
\t@pgf@tokb=\toks27
\t@pgf@tokc=\toks28
\pgf@sys@id@count=\count292

(C:\Users\PC\AppData\Local\Programs\MiKTeX\tex/generic/pgf/systemlayer\pgf.cfg
File: pgf.cfg 2023-01-15 v3.1.10 (3.1.10)
)
Driver file for pgf: pgfsys-pdftex.def

(C:\Users\PC\AppData\Local\Programs\MiKTeX\tex/generic/pgf/systemlayer\pgfsys-p
dftex.def
File: pgfsys-pdftex.def 2023-01-15 v3.1.10 (3.1.10)

(C:\Users\PC\AppData\Local\Programs\MiKTeX\tex/generic/pgf/systemlayer\pgfsys-c
ommon-pdf.def
File: pgfsys-common-pdf.def 2023-01-15 v3.1.10 (3.1.10)
)))
(C:\Users\PC\AppData\Local\Programs\MiKTeX\tex/generic/pgf/systemlayer\pgfsysso
ftpath.code.tex
File: pgfsyssoftpath.code.tex 2023-01-15 v3.1.10 (3.1.10)
\pgfsyssoftpath@smallbuffer@items=\count293
\pgfsyssoftpath@bigbuffer@items=\count294
)
(C:\Users\PC\AppData\Local\Programs\MiKTeX\tex/generic/pgf/systemlayer\pgfsyspr
otocol.code.tex
File: pgfsysprotocol.code.tex 2023-01-15 v3.1.10 (3.1.10)
))
(C:\Users\PC\AppData\Local\Programs\MiKTeX\tex/latex/xcolor\xcolor.sty
Package: xcolor 2023/11/15 v3.01 LaTeX color extensions (UK)

(C:\Users\PC\AppData\Local\Programs\MiKTeX\tex/latex/graphics-cfg\color.cfg
File: color.cfg 2016/01/02 v1.6 sample color configuration
)
Package xcolor Info: Driver file: pdftex.def on input line 274.

(C:\Users\PC\AppData\Local\Programs\MiKTeX\tex/latex/graphics\mathcolor.ltx)
Package xcolor Info: Model `cmy' substituted by `cmy0' on input line 1350.
Package xcolor Info: Model `hsb' substituted by `rgb' on input line 1354.
Package xcolor Info: Model `RGB' extended on input line 1366.
Package xcolor Info: Model `HTML' substituted by `rgb' on input line 1368.
Package xcolor Info: Model `Hsb' substituted by `hsb' on input line 1369.
Package xcolor Info: Model `tHsb' substituted by `hsb' on input line 1370.
Package xcolor Info: Model `HSB' substituted by `hsb' on input line 1371.
Package xcolor Info: Model `Gray' substituted by `gray' on input line 1372.
Package xcolor Info: Model `wave' substituted by `hsb' on input line 1373.
)
(C:\Users\PC\AppData\Local\Programs\MiKTeX\tex/generic/pgf/basiclayer\pgfcore.c
ode.tex
Package: pgfcore 2023-01-15 v3.1.10 (3.1.10)

(C:\Users\PC\AppData\Local\Programs\MiKTeX\tex/generic/pgf/math\pgfint.code.tex
)
(C:\Users\PC\AppData\Local\Programs\MiKTeX\tex/generic/pgf/basiclayer\pgfcorepo
ints.code.tex
File: pgfcorepoints.code.tex 2023-01-15 v3.1.10 (3.1.10)
\pgf@picminx=\dimen187
\pgf@picmaxx=\dimen188
\pgf@picminy=\dimen189
\pgf@picmaxy=\dimen190
\pgf@pathminx=\dimen191
\pgf@pathmaxx=\dimen192
\pgf@pathminy=\dimen193
\pgf@pathmaxy=\dimen194
\pgf@xx=\dimen195
\pgf@xy=\dimen196
\pgf@yx=\dimen197
\pgf@yy=\dimen198
\pgf@zx=\dimen199
\pgf@zy=\dimen256
)
(C:\Users\PC\AppData\Local\Programs\MiKTeX\tex/generic/pgf/basiclayer\pgfcorepa
thconstruct.code.tex
File: pgfcorepathconstruct.code.tex 2023-01-15 v3.1.10 (3.1.10)
\pgf@path@lastx=\dimen257
\pgf@path@lasty=\dimen258
)
(C:\Users\PC\AppData\Local\Programs\MiKTeX\tex/generic/pgf/basiclayer\pgfcorepa
thusage.code.tex
File: pgfcorepathusage.code.tex 2023-01-15 v3.1.10 (3.1.10)
\pgf@shorten@end@additional=\dimen259
\pgf@shorten@start@additional=\dimen260
)
(C:\Users\PC\AppData\Local\Programs\MiKTeX\tex/generic/pgf/basiclayer\pgfcoresc
opes.code.tex
File: pgfcorescopes.code.tex 2023-01-15 v3.1.10 (3.1.10)
\pgfpic=\box62
\pgf@hbox=\box63
\pgf@layerbox@main=\box64
\pgf@picture@serial@count=\count295
)
(C:\Users\PC\AppData\Local\Programs\MiKTeX\tex/generic/pgf/basiclayer\pgfcoregr
aphicstate.code.tex
File: pgfcoregraphicstate.code.tex 2023-01-15 v3.1.10 (3.1.10)
\pgflinewidth=\dimen261
)
(C:\Users\PC\AppData\Local\Programs\MiKTeX\tex/generic/pgf/basiclayer\pgfcoretr
ansformations.code.tex
File: pgfcoretransformations.code.tex 2023-01-15 v3.1.10 (3.1.10)
\pgf@pt@x=\dimen262
\pgf@pt@y=\dimen263
\pgf@pt@temp=\dimen264
)
(C:\Users\PC\AppData\Local\Programs\MiKTeX\tex/generic/pgf/basiclayer\pgfcorequ
ick.code.tex
File: pgfcorequick.code.tex 2023-01-15 v3.1.10 (3.1.10)
)
(C:\Users\PC\AppData\Local\Programs\MiKTeX\tex/generic/pgf/basiclayer\pgfcoreob
jects.code.tex
File: pgfcoreobjects.code.tex 2023-01-15 v3.1.10 (3.1.10)
)
(C:\Users\PC\AppData\Local\Programs\MiKTeX\tex/generic/pgf/basiclayer\pgfcorepa
thprocessing.code.tex
File: pgfcorepathprocessing.code.tex 2023-01-15 v3.1.10 (3.1.10)
)
(C:\Users\PC\AppData\Local\Programs\MiKTeX\tex/generic/pgf/basiclayer\pgfcorear
rows.code.tex
File: pgfcorearrows.code.tex 2023-01-15 v3.1.10 (3.1.10)
\pgfarrowsep=\dimen265
)
(C:\Users\PC\AppData\Local\Programs\MiKTeX\tex/generic/pgf/basiclayer\pgfcoresh
ade.code.tex
File: pgfcoreshade.code.tex 2023-01-15 v3.1.10 (3.1.10)
\pgf@max=\dimen266
\pgf@sys@shading@range@num=\count296
\pgf@shadingcount=\count297
)
(C:\Users\PC\AppData\Local\Programs\MiKTeX\tex/generic/pgf/basiclayer\pgfcoreim
age.code.tex
File: pgfcoreimage.code.tex 2023-01-15 v3.1.10 (3.1.10)
)
(C:\Users\PC\AppData\Local\Programs\MiKTeX\tex/generic/pgf/basiclayer\pgfcoreex
ternal.code.tex
File: pgfcoreexternal.code.tex 2023-01-15 v3.1.10 (3.1.10)
\pgfexternal@startupbox=\box65
)
(C:\Users\PC\AppData\Local\Programs\MiKTeX\tex/generic/pgf/basiclayer\pgfcorela
yers.code.tex
File: pgfcorelayers.code.tex 2023-01-15 v3.1.10 (3.1.10)
)
(C:\Users\PC\AppData\Local\Programs\MiKTeX\tex/generic/pgf/basiclayer\pgfcoretr
ansparency.code.tex
File: pgfcoretransparency.code.tex 2023-01-15 v3.1.10 (3.1.10)
)
(C:\Users\PC\AppData\Local\Programs\MiKTeX\tex/generic/pgf/basiclayer\pgfcorepa
tterns.code.tex
File: pgfcorepatterns.code.tex 2023-01-15 v3.1.10 (3.1.10)
)
(C:\Users\PC\AppData\Local\Programs\MiKTeX\tex/generic/pgf/basiclayer\pgfcorerd
f.code.tex
File: pgfcorerdf.code.tex 2023-01-15 v3.1.10 (3.1.10)
)))
(C:\Users\PC\AppData\Local\Programs\MiKTeX\tex/latex/pgf/utilities\xxcolor.sty
Package: xxcolor 2003/10/24 ver 0.1
\XC@nummixins=\count298
\XC@countmixins=\count299
) (C:\Users\PC\AppData\Local\Programs\MiKTeX\tex/latex/base\atbegshi-ltx.sty
Package: atbegshi-ltx 2021/01/10 v1.0c Emulation of the original atbegshi
package with kernel methods
)
(C:\Users\PC\AppData\Local\Programs\MiKTeX\tex/latex/hyperref\hyperref.sty
Package: hyperref 2023-11-26 v7.01g Hypertext links for LaTeX

(C:\Users\PC\AppData\Local\Programs\MiKTeX\tex/generic/infwarerr\infwarerr.sty
Package: infwarerr 2019/12/03 v1.5 Providing info/warning/error messages (HO)
) (C:\Users\PC\AppData\Local\Programs\MiKTeX\tex/latex/kvsetkeys\kvsetkeys.sty
Package: kvsetkeys 2022-10-05 v1.19 Key value parser (HO)
)
(C:\Users\PC\AppData\Local\Programs\MiKTeX\tex/generic/kvdefinekeys\kvdefinekey
s.sty
Package: kvdefinekeys 2019-12-19 v1.6 Define keys (HO)
)
(C:\Users\PC\AppData\Local\Programs\MiKTeX\tex/generic/pdfescape\pdfescape.sty
Package: pdfescape 2019/12/09 v1.15 Implements pdfTeX's escape features (HO)

(C:\Users\PC\AppData\Local\Programs\MiKTeX\tex/generic/ltxcmds\ltxcmds.sty
Package: ltxcmds 2023-12-04 v1.26 LaTeX kernel commands for general use (HO)
)
(C:\Users\PC\AppData\Local\Programs\MiKTeX\tex/generic/pdftexcmds\pdftexcmds.st
y
Package: pdftexcmds 2020-06-27 v0.33 Utility functions of pdfTeX for LuaTeX (HO
)
Package pdftexcmds Info: \pdf@primitive is available.
Package pdftexcmds Info: \pdf@ifprimitive is available.
Package pdftexcmds Info: \pdfdraftmode found.
)) (C:\Users\PC\AppData\Local\Programs\MiKTeX\tex/latex/hycolor\hycolor.sty
Package: hycolor 2020-01-27 v1.10 Color options for hyperref/bookmark (HO)
)
(C:\Users\PC\AppData\Local\Programs\MiKTeX\tex/latex/letltxmacro\letltxmacro.st
y
Package: letltxmacro 2019/12/03 v1.6 Let assignment for LaTeX macros (HO)
) (C:\Users\PC\AppData\Local\Programs\MiKTeX\tex/latex/auxhook\auxhook.sty
Package: auxhook 2019-12-17 v1.6 Hooks for auxiliary files (HO)
)
(C:\Users\PC\AppData\Local\Programs\MiKTeX\tex/latex/hyperref\nameref.sty
Package: nameref 2023-11-26 v2.56 Cross-referencing by name of section

(C:\Users\PC\AppData\Local\Programs\MiKTeX\tex/latex/refcount\refcount.sty
Package: refcount 2019/12/15 v3.6 Data extraction from label references (HO)
)
(C:\Users\PC\AppData\Local\Programs\MiKTeX\tex/generic/gettitlestring\gettitles
tring.sty
Package: gettitlestring 2019/12/15 v1.6 Cleanup title references (HO)

(C:\Users\PC\AppData\Local\Programs\MiKTeX\tex/latex/kvoptions\kvoptions.sty
Package: kvoptions 2022-06-15 v3.15 Key value format for package options (HO)
))
\c@section@level=\count300
)
\@linkdim=\dimen267
\Hy@linkcounter=\count301
\Hy@pagecounter=\count302
(C:\Users\PC\AppData\Local\Programs\MiKTeX\tex/latex/hyperref\pd1enc.def
File: pd1enc.def 2023-11-26 v7.01g Hyperref: PDFDocEncoding definition (HO)
Now handling font encoding PD1 ...
... no UTF-8 mapping file for font encoding PD1
)
(C:\Users\PC\AppData\Local\Programs\MiKTeX\tex/generic/intcalc\intcalc.sty
Package: intcalc 2019/12/15 v1.3 Expandable calculations with integers (HO)
)
\Hy@SavedSpaceFactor=\count303

(C:\Users\PC\AppData\Local\Programs\MiKTeX\tex/latex/hyperref\puenc.def
File: puenc.def 2023-11-26 v7.01g Hyperref: PDF Unicode definition (HO)
Now handling font encoding PU ...
... no UTF-8 mapping file for font encoding PU
)
Package hyperref Info: Option `bookmarks' set `true' on input line 4064.
Package hyperref Info: Option `bookmarksopen' set `true' on input line 4064.
Package hyperref Info: Option `implicit' set `false' on input line 4064.
Package hyperref Info: Hyper figures OFF on input line 4181.
Package hyperref Info: Link nesting OFF on input line 4186.
Package hyperref Info: Hyper index ON on input line 4189.
Package hyperref Info: Plain pages OFF on input line 4196.
Package hyperref Info: Backreferencing OFF on input line 4201.
Package hyperref Info: Implicit mode OFF; no redefinition of LaTeX internals.
Package hyperref Info: Bookmarks ON on input line 4448.
\c@Hy@tempcnt=\count304

(C:\Users\PC\AppData\Local\Programs\MiKTeX\tex/latex/url\url.sty
\Urlmuskip=\muskip16
Package: url 2013/09/16  ver 3.4  Verb mode for urls, etc.
)
LaTeX Info: Redefining \url on input line 4786.
\XeTeXLinkMargin=\dimen268

(C:\Users\PC\AppData\Local\Programs\MiKTeX\tex/generic/bitset\bitset.sty
Package: bitset 2019/12/09 v1.3 Handle bit-vector datatype (HO)

(C:\Users\PC\AppData\Local\Programs\MiKTeX\tex/generic/bigintcalc\bigintcalc.st
y
Package: bigintcalc 2019/12/15 v1.5 Expandable calculations on big integers (HO
)
))
\Fld@menulength=\count305
\Field@Width=\dimen269
\Fld@charsize=\dimen270
Package hyperref Info: Hyper figures OFF on input line 6065.
Package hyperref Info: Link nesting OFF on input line 6070.
Package hyperref Info: Hyper index ON on input line 6073.
Package hyperref Info: backreferencing OFF on input line 6080.
Package hyperref Info: Link coloring OFF on input line 6085.
Package hyperref Info: Link coloring with OCG OFF on input line 6090.
Package hyperref Info: PDF/A mode OFF on input line 6095.
\Hy@abspage=\count306


Package hyperref Message: Stopped early.

)
Package hyperref Info: Driver (autodetected): hpdftex.
 (C:\Users\PC\AppData\Local\Programs\MiKTeX\tex/latex/hyperref\hpdftex.def
File: hpdftex.def 2023-11-26 v7.01g Hyperref driver for pdfTeX

(C:\Users\PC\AppData\Local\Programs\MiKTeX\tex/latex/base\atveryend-ltx.sty
Package: atveryend-ltx 2020/08/19 v1.0a Emulation of the original atveryend pac
kage
with kernel methods
)
\Fld@listcount=\count307
\c@bookmark@seq@number=\count308

(C:\Users\PC\AppData\Local\Programs\MiKTeX\tex/latex/rerunfilecheck\rerunfilech
eck.sty
Package: rerunfilecheck 2025-06-21 v1.11 Rerun checks for auxiliary files (HO)

(C:\Users\PC\AppData\Local\Programs\MiKTeX\tex/generic/uniquecounter\uniquecoun
ter.sty
Package: uniquecounter 2019/12/15 v1.4 Provide unlimited unique counter (HO)
)
Package uniquecounter Info: New unique counter `rerunfilecheck' on input line 2
84.
))
(C:\Users\PC\AppData\Local\Programs\MiKTeX\tex/latex/beamer\beamerbaserequires.
sty
(C:\Users\PC\AppData\Local\Programs\MiKTeX\tex/latex/beamer\beamerbasecompatibi
lity.sty)
(C:\Users\PC\AppData\Local\Programs\MiKTeX\tex/latex/beamer\beamerbasefont.sty
(C:\Users\PC\AppData\Local\Programs\MiKTeX\tex/latex/amsfonts\amssymb.sty
Package: amssymb 2013/01/14 v3.01 AMS font symbols

(C:\Users\PC\AppData\Local\Programs\MiKTeX\tex/latex/amsfonts\amsfonts.sty
Package: amsfonts 2013/01/14 v3.01 Basic AMSFonts support
\@emptytoks=\toks29
\symAMSa=\mathgroup4
\symAMSb=\mathgroup5
LaTeX Font Info:    Redeclaring math symbol \hbar on input line 98.
LaTeX Font Info:    Overwriting math alphabet `\mathfrak' in version `bold'
(Font)                  U/euf/m/n --> U/euf/b/n on input line 106.
))
(C:\Users\PC\AppData\Local\Programs\MiKTeX\tex/latex/sansmathaccent\sansmathacc
ent.sty
Package: sansmathaccent 2020/01/31

(C:\Users\PC\AppData\Local\Programs\MiKTeX\tex/latex/koma-script\scrlfile.sty
Package: scrlfile 2025/09/09 v3.48 KOMA-Script package (file load hooks)

(C:\Users\PC\AppData\Local\Programs\MiKTeX\tex/latex/koma-script\scrlfile-hook.
sty
Package: scrlfile-hook 2025/09/09 v3.48 KOMA-Script package (using LaTeX hooks)


(C:\Users\PC\AppData\Local\Programs\MiKTeX\tex/latex/koma-script\scrlogo.sty
Package: scrlogo 2025/09/09 v3.48 KOMA-Script package (logo)
)))))
(C:\Users\PC\AppData\Local\Programs\MiKTeX\tex/latex/beamer\beamerbasetranslato
r.sty
(C:\Users\PC\AppData\Local\Programs\MiKTeX\tex/latex/translator\translator.sty
Package: translator 2021-05-31 v1.12d Easy translation of strings in LaTeX
))
(C:\Users\PC\AppData\Local\Programs\MiKTeX\tex/latex/beamer\beamerbasemisc.sty)

(C:\Users\PC\AppData\Local\Programs\MiKTeX\tex/latex/beamer\beamerbasetwoscreen
s.sty)
(C:\Users\PC\AppData\Local\Programs\MiKTeX\tex/latex/beamer\beamerbaseoverlay.s
ty
\beamer@argscount=\count309
\beamer@lastskipcover=\skip51
\beamer@trivlistdepth=\count310
)
(C:\Users\PC\AppData\Local\Programs\MiKTeX\tex/latex/beamer\beamerbasetitle.sty
)
(C:\Users\PC\AppData\Local\Programs\MiKTeX\tex/latex/beamer\beamerbasesection.s
ty
\c@lecture=\count311
\c@part=\count312
\c@section=\count313
\c@subsection=\count314
\c@subsubsection=\count315
)
(C:\Users\PC\AppData\Local\Programs\MiKTeX\tex/latex/beamer\beamerbaseframe.sty
\beamer@framebox=\box66
\beamer@frametitlebox=\box67
\beamer@zoombox=\box68
\beamer@zoomcount=\count316
\beamer@zoomframecount=\count317
\beamer@frametextheight=\dimen271
\c@subsectionslide=\count318
\beamer@frametopskip=\skip52
\beamer@framebottomskip=\skip53
\beamer@frametopskipautobreak=\skip54
\beamer@framebottomskipautobreak=\skip55
\beamer@envbody=\toks30
\framewidth=\dimen272
\c@framenumber=\count319
)
(C:\Users\PC\AppData\Local\Programs\MiKTeX\tex/latex/beamer\beamerbaseverbatim.
sty
\beamer@verbatimfileout=\write4
)
(C:\Users\PC\AppData\Local\Programs\MiKTeX\tex/latex/beamer\beamerbaseframesize
.sty
\beamer@splitbox=\box69
\beamer@autobreakcount=\count320
\beamer@autobreaklastheight=\dimen273
\beamer@frametitletoks=\toks31
\beamer@framesubtitletoks=\toks32
)
(C:\Users\PC\AppData\Local\Programs\MiKTeX\tex/latex/beamer\beamerbaseframecomp
onents.sty
\beamer@colheight=\skip56
\beamer@footins=\box70
)
(C:\Users\PC\AppData\Local\Programs\MiKTeX\tex/latex/beamer\beamerbasecolor.sty
)
(C:\Users\PC\AppData\Local\Programs\MiKTeX\tex/latex/beamer\beamerbasenotes.sty
\beamer@frameboxcopy=\box71
) (C:\Users\PC\AppData\Local\Programs\MiKTeX\tex/latex/beamer\beamerbasetoc.sty
)
(C:\Users\PC\AppData\Local\Programs\MiKTeX\tex/latex/beamer\beamerbasetemplates
.sty
\beamer@sbttoks=\toks33

(C:\Users\PC\AppData\Local\Programs\MiKTeX\tex/latex/beamer\beamerbaseauxtempla
tes.sty
(C:\Users\PC\AppData\Local\Programs\MiKTeX\tex/latex/beamer\beamerbaseboxes.sty
\bmb@box=\box72
\bmb@colorbox=\box73
\bmb@boxwidth=\dimen274
\bmb@boxheight=\dimen275
\bmb@prevheight=\dimen276
\bmb@temp=\dimen277
\bmb@dima=\dimen278
\bmb@dimb=\dimen279
\bmb@prevheight=\dimen280
)
\beamer@blockheadheight=\dimen281
))
(C:\Users\PC\AppData\Local\Programs\MiKTeX\tex/latex/beamer\beamerbaselocalstru
cture.sty
(C:\Users\PC\AppData\Local\Programs\MiKTeX\tex/latex/tools\enumerate.sty
Package: enumerate 2023/07/04 v3.00 enumerate extensions (DPC)
\@enLab=\toks34
)
\beamer@bibiconwidth=\skip57
\c@figure=\count321
\c@table=\count322
\abovecaptionskip=\skip58
\belowcaptionskip=\skip59
)
(C:\Users\PC\AppData\Local\Programs\MiKTeX\tex/latex/beamer\beamerbasenavigatio
n.sty
(C:\Users\PC\AppData\Local\Programs\MiKTeX\tex/latex/beamer\beamerbasenavigatio
nsymbols.tex)
\beamer@section@min@dim=\dimen282
)
(C:\Users\PC\AppData\Local\Programs\MiKTeX\tex/latex/beamer\beamerbasetheorems.
sty (C:\Users\PC\AppData\Local\Programs\MiKTeX\tex/latex/amsmath\amsmath.sty
Package: amsmath 2023/05/13 v2.17o AMS math features
\@mathmargin=\skip60

For additional information on amsmath, use the `?' option.
(C:\Users\PC\AppData\Local\Programs\MiKTeX\tex/latex/amsmath\amstext.sty
Package: amstext 2021/08/26 v2.01 AMS text

(C:\Users\PC\AppData\Local\Programs\MiKTeX\tex/latex/amsmath\amsgen.sty
File: amsgen.sty 1999/11/30 v2.0 generic functions
\@emptytoks=\toks35
\ex@=\dimen283
))
(C:\Users\PC\AppData\Local\Programs\MiKTeX\tex/latex/amsmath\amsbsy.sty
Package: amsbsy 1999/11/29 v1.2d Bold Symbols
\pmbraise@=\dimen284
)
(C:\Users\PC\AppData\Local\Programs\MiKTeX\tex/latex/amsmath\amsopn.sty
Package: amsopn 2022/04/08 v2.04 operator names
)
\inf@bad=\count323
LaTeX Info: Redefining \frac on input line 234.
\uproot@=\count324
\leftroot@=\count325
LaTeX Info: Redefining \overline on input line 399.
LaTeX Info: Redefining \colon on input line 410.
\classnum@=\count326
\DOTSCASE@=\count327
LaTeX Info: Redefining \ldots on input line 496.
LaTeX Info: Redefining \dots on input line 499.
LaTeX Info: Redefining \cdots on input line 620.
\Mathstrutbox@=\box74
\strutbox@=\box75
LaTeX Info: Redefining \big on input line 722.
LaTeX Info: Redefining \Big on input line 723.
LaTeX Info: Redefining \bigg on input line 724.
LaTeX Info: Redefining \Bigg on input line 725.
\big@size=\dimen285
LaTeX Font Info:    Redeclaring font encoding OML on input line 743.
LaTeX Font Info:    Redeclaring font encoding OMS on input line 744.
\macc@depth=\count328
LaTeX Info: Redefining \bmod on input line 905.
LaTeX Info: Redefining \pmod on input line 910.
LaTeX Info: Redefining \smash on input line 940.
LaTeX Info: Redefining \relbar on input line 970.
LaTeX Info: Redefining \Relbar on input line 971.
\c@MaxMatrixCols=\count329
\dotsspace@=\muskip17
\c@parentequation=\count330
\dspbrk@lvl=\count331
\tag@help=\toks36
\row@=\count332
\column@=\count333
\maxfields@=\count334
\andhelp@=\toks37
\eqnshift@=\dimen286
\alignsep@=\dimen287
\tagshift@=\dimen288
\tagwidth@=\dimen289
\totwidth@=\dimen290
\lineht@=\dimen291
\@envbody=\toks38
\multlinegap=\skip61
\multlinetaggap=\skip62
\mathdisplay@stack=\toks39
LaTeX Info: Redefining \[ on input line 2953.
LaTeX Info: Redefining \] on input line 2954.
)
(C:\Users\PC\AppData\Local\Programs\MiKTeX\tex/latex/amscls\amsthm.sty
Package: amsthm 2020/05/29 v2.20.6
\thm@style=\toks40
\thm@bodyfont=\toks41
\thm@headfont=\toks42
\thm@notefont=\toks43
\thm@headpunct=\toks44
\thm@preskip=\skip63
\thm@postskip=\skip64
\thm@headsep=\skip65
\dth@everypar=\toks45
)
\c@theorem=\count335
)
(C:\Users\PC\AppData\Local\Programs\MiKTeX\tex/latex/beamer\beamerbasethemes.st
y))
(C:\Users\PC\AppData\Local\Programs\MiKTeX\tex/latex/beamer\beamerthemedefault.
sty
(C:\Users\PC\AppData\Local\Programs\MiKTeX\tex/latex/beamer\beamerfontthemedefa
ult.sty)
(C:\Users\PC\AppData\Local\Programs\MiKTeX\tex/latex/beamer\beamercolorthemedef
ault.sty)
(C:\Users\PC\AppData\Local\Programs\MiKTeX\tex/latex/beamer\beamerinnerthemedef
ault.sty
\beamer@dima=\dimen292
\beamer@dimb=\dimen293
)
(C:\Users\PC\AppData\Local\Programs\MiKTeX\tex/latex/beamer\beamerouterthemedef
ault.sty)))
(C:\Users\PC\AppData\Local\Programs\MiKTeX\tex/latex/beamer\beamerthemeMadrid.s
ty
(C:\Users\PC\AppData\Local\Programs\MiKTeX\tex/latex/beamer\beamercolorthemewha
le.sty)
(C:\Users\PC\AppData\Local\Programs\MiKTeX\tex/latex/beamer\beamercolorthemeorc
hid.sty)
(C:\Users\PC\AppData\Local\Programs\MiKTeX\tex/latex/beamer\beamerinnerthemerou
nded.sty)
(C:\Users\PC\AppData\Local\Programs\MiKTeX\tex/latex/beamer\beamerouterthemeinf
olines.sty))
(C:\Users\PC\AppData\Local\Programs\MiKTeX\tex/latex/beamer\beamerfontthemeseri
f.sty) (C:\Users\PC\AppData\Local\Programs\MiKTeX\tex/latex/base\inputenc.sty
Package: inputenc 2021/02/14 v1.3d Input encoding file
\inpenc@prehook=\toks46
\inpenc@posthook=\toks47
)
(C:\Users\PC\AppData\Local\Programs\MiKTeX\tex/latex/base\fontenc.sty
Package: fontenc 2021/04/29 v2.0v Standard LaTeX package
)
(C:\Users\PC\AppData\Local\Programs\MiKTeX\tex/latex/caption\subcaption.sty
Package: subcaption 2023/07/28 v1.6b Sub-captions (AR)

(C:\Users\PC\AppData\Local\Programs\MiKTeX\tex/latex/caption\caption.sty
Package: caption 2023/08/05 v3.6o Customizing captions (AR)

(C:\Users\PC\AppData\Local\Programs\MiKTeX\tex/latex/caption\caption3.sty
Package: caption3 2023/07/31 v2.4d caption3 kernel (AR)
\caption@tempdima=\dimen294
\captionmargin=\dimen295
\caption@leftmargin=\dimen296
\caption@rightmargin=\dimen297
\caption@width=\dimen298
\caption@indent=\dimen299
\caption@parindent=\dimen300
\caption@hangindent=\dimen301
Package caption Info: beamer document class detected.

(C:\Users\PC\AppData\Local\Programs\MiKTeX\tex/latex/caption\caption-beamer.sto
File: caption-beamer.sto 2022/01/06 v2.0c Adaption of the caption package to th
e beamer document classes (AR)
))
\c@caption@flags=\count336
\c@continuedfloat=\count337
Package caption Info: hyperref package is loaded.
Package caption Info: Hyperref support is turned off
(caption)             because hyperref has stopped early.
)
Package caption Info: New subtype `subfigure' on input line 238.
\c@subfigure=\count338
Package caption Info: New subtype `subtable' on input line 238.
\c@subtable=\count339
) (C:\Users\PC\AppData\Local\Programs\MiKTeX\tex/latex/cite\cite.sty
LaTeX Info: Redefining \cite on input line 302.
LaTeX Info: Redefining \nocite on input line 332.
Package: cite 2015/02/27  v 5.5
)
(C:\Users\PC\AppData\Local\Programs\MiKTeX\tex/generic/babel\babel.sty
Package: babel 2024/01/07 v24.1 The Babel package
\babel@savecnt=\count340
\U@D=\dimen302
\l@unhyphenated=\language79

(C:\Users\PC\AppData\Local\Programs\MiKTeX\tex/generic/babel\txtbabel.def)
\bbl@readstream=\read3
LaTeX Info: Redefining \textlatin on input line 3986.
\bbl@dirlevel=\count341

*************************************
* Local config file bblopts.cfg used
*
(C:\Users\PC\AppData\Local\Programs\MiKTeX\tex/latex/arabi\bblopts.cfg
File: bblopts.cfg 2005/09/08 v0.1 add Arabic and Farsi to "declared" options of
 babel
)
(C:\Users\PC\AppData\Local\Programs\MiKTeX\tex/latex/babel-english\english.ldf
Language: english 2017/06/06 v3.3r English support from the babel system
Package babel Info: Hyphen rules for 'canadian' set to \l@english
(babel)             (\language0). Reported on input line 102.
Package babel Info: Hyphen rules for 'australian' set to \l@ukenglish
(babel)             (\language73). Reported on input line 105.
Package babel Info: Hyphen rules for 'newzealand' set to \l@ukenglish
(babel)             (\language73). Reported on input line 108.
))
(C:\Users\PC\AppData\Local\Programs\MiKTeX\tex/generic/babel/locale/en\babel-en
glish.tex
Package babel Info: Importing font and identification data for english
(babel)             from babel-en.ini. Reported on input line 11.
)
(C:\Users\PC\AppData\Local\Programs\MiKTeX\tex/latex/l3backend\l3backend-pdftex
.def
File: l3backend-pdftex.def 2024-01-04 L3 backend support: PDF output (pdfTeX)
\l__color_backend_stack_int=\count342
\l__pdf_internal_box=\box76
) (main.aux)
\openout1 = `main.aux'.

LaTeX Font Info:    Checking defaults for OML/cmm/m/it on input line 57.
LaTeX Font Info:    ... okay on input line 57.
LaTeX Font Info:    Checking defaults for OMS/cmsy/m/n on input line 57.
LaTeX Font Info:    ... okay on input line 57.
LaTeX Font Info:    Checking defaults for OT1/cmr/m/n on input line 57.
LaTeX Font Info:    ... okay on input line 57.
LaTeX Font Info:    Checking defaults for T1/cmr/m/n on input line 57.
LaTeX Font Info:    ... okay on input line 57.
LaTeX Font Info:    Checking defaults for TS1/cmr/m/n on input line 57.
LaTeX Font Info:    ... okay on input line 57.
LaTeX Font Info:    Checking defaults for OMX/cmex/m/n on input line 57.
LaTeX Font Info:    ... okay on input line 57.
LaTeX Font Info:    Checking defaults for U/cmr/m/n on input line 57.
LaTeX Font Info:    ... okay on input line 57.
LaTeX Font Info:    Checking defaults for PD1/pdf/m/n on input line 57.
LaTeX Font Info:    ... okay on input line 57.
LaTeX Font Info:    Checking defaults for PU/pdf/m/n on input line 57.
LaTeX Font Info:    ... okay on input line 57.

*geometry* driver: auto-detecting
*geometry* detected driver: pdftex
*geometry* verbose mode - [ preamble ] result:
* driver: pdftex
* paper: custom
* layout: <same size as paper>
* layoutoffset:(h,v)=(0.0pt,0.0pt)
* modes: includehead includefoot 
* h-part:(L,W,R)=(10.95003pt, 433.34402pt, 10.95003pt)
* v-part:(T,H,B)=(0.0pt, 256.0748pt, 0.0pt)
* \paperwidth=455.24408pt
* \paperheight=256.0748pt
* \textwidth=433.34402pt
* \textheight=227.62207pt
* \oddsidemargin=-61.31996pt
* \evensidemargin=-61.31996pt
* \topmargin=-72.26999pt
* \headheight=14.22636pt
* \headsep=0.0pt
* \topskip=11.0pt
* \footskip=14.22636pt
* \marginparwidth=4.0pt
* \marginparsep=10.0pt
* \columnsep=10.0pt
* \skip\footins=10.0pt plus 4.0pt minus 2.0pt
* \hoffset=0.0pt
* \voffset=0.0pt
* \mag=1000
* \@twocolumnfalse
* \@twosidefalse
* \@mparswitchfalse
* \@reversemarginfalse
* (1in=72.27pt=25.4mm, 1cm=28.453pt)

(C:\Users\PC\AppData\Local\Programs\MiKTeX\tex/context/base/mkii\supp-pdf.mkii
[Loading MPS to PDF converter (version 2006.09.02).]
\scratchcounter=\count343
\scratchdimen=\dimen303
\scratchbox=\box77
\nofMPsegments=\count344
\nofMParguments=\count345
\everyMPshowfont=\toks48
\MPscratchCnt=\count346
\MPscratchDim=\dimen304
\MPnumerator=\count347
\makeMPintoPDFobject=\count348
\everyMPtoPDFconversion=\toks49
)
(C:\Users\PC\AppData\Local\Programs\MiKTeX\tex/latex/epstopdf-pkg\epstopdf-base
.sty
Package: epstopdf-base 2020-01-24 v2.11 Base part for package epstopdf
 (C:\Users\PC\AppData\Local\Programs\MiKTeX\tex/latex/grfext\grfext.sty
Package: grfext 2019/12/03 v1.3 Manage graphics extensions (HO)
)
Package epstopdf-base Info: Redefining graphics rule for `.eps' on input line 4
85.
Package grfext Info: Graphics extension search list:
(grfext)             [.pdf,.png,.jpg,.mps,.jpeg,.jbig2,.jb2,.PDF,.PNG,.JPG,.JPE
G,.JBIG2,.JB2,.eps]
(grfext)             \AppendGraphicsExtensions on input line 504.

(C:\Users\PC\AppData\Local\Programs\MiKTeX\tex/latex/00miktex\epstopdf-sys.cfg
File: epstopdf-sys.cfg 2021/03/18 v2.0 Configuration of epstopdf for MiKTeX
))
Package hyperref Info: Link coloring OFF on input line 57.
 (main.out) (main.out)
\@outlinefile=\write5
\openout5 = `main.out'.


(C:\Users\PC\AppData\Local\Programs\MiKTeX\tex/latex/translator\translator-basi
c-dictionary-English.dict
Dictionary: translator-basic-dictionary, Language: English 
)
(C:\Users\PC\AppData\Local\Programs\MiKTeX\tex/latex/translator\translator-bibl
iography-dictionary-English.dict
Dictionary: translator-bibliography-dictionary, Language: English 
)
(C:\Users\PC\AppData\Local\Programs\MiKTeX\tex/latex/translator\translator-envi
ronment-dictionary-English.dict
Dictionary: translator-environment-dictionary, Language: English 
)
(C:\Users\PC\AppData\Local\Programs\MiKTeX\tex/latex/translator\translator-mont
hs-dictionary-English.dict
Dictionary: translator-months-dictionary, Language: English 
)
(C:\Users\PC\AppData\Local\Programs\MiKTeX\tex/latex/translator\translator-numb
ers-dictionary-English.dict
Dictionary: translator-numbers-dictionary, Language: English 
)
(C:\Users\PC\AppData\Local\Programs\MiKTeX\tex/latex/translator\translator-theo
rem-dictionary-English.dict
Dictionary: translator-theorem-dictionary, Language: English 
)
Package caption Info: Begin \AtBeginDocument code.
Package caption Info: End \AtBeginDocument code.
 (main.nav)
<imagens/hcmus_logo.png, id=82, 248.93pt x 203.76125pt>
File: imagens/hcmus_logo.png Graphic file (type png)
<use imagens/hcmus_logo.png>
Package pdftex.def Info: imagens/hcmus_logo.png  used on input line 61.
(pdftex.def)             Requested size: 14.93515pt x 12.22514pt.
 [1

{C:/Users/PC/AppData/Local/MiKTeX/fonts/map/pdftex/pdftex.map} <./imagens/hcmus
_logo.png (PNG copy)>]
LaTeX Font Info:    Trying to load font information for U+msa on input line 73.


(C:\Users\PC\AppData\Local\Programs\MiKTeX\tex/latex/amsfonts\umsa.fd
File: umsa.fd 2013/01/14 v3.01 AMS symbols A
)
LaTeX Font Info:    Trying to load font information for U+msb on input line 73.


(C:\Users\PC\AppData\Local\Programs\MiKTeX\tex/latex/amsfonts\umsb.fd
File: umsb.fd 2013/01/14 v3.01 AMS symbols B
)
! Undefined control sequence.
\beamer@doifinframe ...tabular}{@{}l@{}} \tabitem 
                                                  23122001 - Dinh Duc Anh Kh...
l.73 \end{frame}
                
The control sequence at the end of the top line
of your error message was never \def'ed. If you have
misspelled it (e.g., `\hobx'), type `I' and the correct
spelling (e.g., `I\hbox'). Otherwise just continue,
and I'll forget about whatever was undefined.

! Undefined control sequence.
<recently read> \tabitem 
                         
l.73 \end{frame}
                
The control sequence at the end of the top line
of your error message was never \def'ed. If you have
misspelled it (e.g., `\hobx'), type `I' and the correct
spelling (e.g., `I\hbox'). Otherwise just continue,
and I'll forget about whatever was undefined.

! Undefined control sequence.
<recently read> \tabitem 
                         
l.73 \end{frame}
                
The control sequence at the end of the top line
of your error message was never \def'ed. If you have
misspelled it (e.g., `\hobx'), type `I' and the correct
spelling (e.g., `I\hbox'). Otherwise just continue,
and I'll forget about whatever was undefined.

! Undefined control sequence.
<recently read> \tabitem 
                         
l.73 \end{frame}
                
The control sequence at the end of the top line
of your error message was never \def'ed. If you have
misspelled it (e.g., `\hobx'), type `I' and the correct
spelling (e.g., `I\hbox'). Otherwise just continue,
and I'll forget about whatever was undefined.

File: imagens/hcmus_logo.png Graphic file (type png)
<use imagens/hcmus_logo.png>
Package pdftex.def Info: imagens/hcmus_logo.png  used on input line 73.
(pdftex.def)             Requested size: 14.93515pt x 12.22514pt.
[2

] (main.toc)
File: imagens/hcmus_logo.png Graphic file (type png)
<use imagens/hcmus_logo.png>
Package pdftex.def Info: imagens/hcmus_logo.png  used on input line 79.
(pdftex.def)             Requested size: 14.93515pt x 12.22514pt.
 [3

]
File: imagens/hcmus_logo.png Graphic file (type png)
<use imagens/hcmus_logo.png>
Package pdftex.def Info: imagens/hcmus_logo.png  used on input line 102.
(pdftex.def)             Requested size: 14.93515pt x 12.22514pt.
 [4

]
<imagens/hopfield_nobel.png, id=149, 758.835pt x 505.89pt>
File: imagens/hopfield_nobel.png Graphic file (type png)
<use imagens/hopfield_nobel.png>
Package pdftex.def Info: imagens/hopfield_nobel.png  used on input line 115.
(pdftex.def)             Requested size: 216.67201pt x 144.4426pt.

Overfull \vbox (11.09691pt too high) detected at line 115
 []

File: imagens/hcmus_logo.png Graphic file (type png)
<use imagens/hcmus_logo.png>
Package pdftex.def Info: imagens/hcmus_logo.png  used on input line 115.
(pdftex.def)             Requested size: 14.93515pt x 12.22514pt.
[5

 <./imagens/hopfield_nobel.png (PNG copy)>]
<imagens/types_network.png, id=160, 1027.84pt x 596.2275pt>
File: imagens/types_network.png Graphic file (type png)
<use imagens/types_network.png>
Package pdftex.def Info: imagens/types_network.png  used on input line 125.
(pdftex.def)             Requested size: 325.00801pt x 188.53137pt.

Overfull \vbox (10.64877pt too high) detected at line 125
 []

File: imagens/hcmus_logo.png Graphic file (type png)
<use imagens/hcmus_logo.png>
Package pdftex.def Info: imagens/hcmus_logo.png  used on input line 125.
(pdftex.def)             Requested size: 14.93515pt x 12.22514pt.
[6

 <./imagens/types_network.png>]
<imagens/glass_spin.png, id=173, 515.526pt x 254.8722pt>
File: imagens/glass_spin.png Graphic file (type png)
<use imagens/glass_spin.png>
Package pdftex.def Info: imagens/glass_spin.png  used on input line 142.
(pdftex.def)             Requested size: 173.33496pt x 85.6948pt.
<Ball_rolling.png, id=177, 770.88pt x 494.8086pt>
File: Ball_rolling.png Graphic file (type png)
<use Ball_rolling.png>
Package pdftex.def Info: Ball_rolling.png  used on input line 142.
(pdftex.def)             Requested size: 208.00803pt x 133.50949pt.

Overfull \vbox (12.15555pt too high) detected at line 142
 []

File: imagens/hcmus_logo.png Graphic file (type png)
<use imagens/hcmus_logo.png>
Package pdftex.def Info: imagens/hcmus_logo.png  used on input line 142.
(pdftex.def)             Requested size: 14.93515pt x 12.22514pt.
[7

 <./imagens/glass_spin.png> <./Ball_rolling.png>]
File: imagens/hcmus_logo.png Graphic file (type png)
<use imagens/hcmus_logo.png>
Package pdftex.def Info: imagens/hcmus_logo.png  used on input line 152.
(pdftex.def)             Requested size: 14.93515pt x 12.22514pt.
 [8

]
<imagens/kl_divergence.png, id=204, 650.43pt x 456.2646pt>
File: imagens/kl_divergence.png Graphic file (type png)
<use imagens/kl_divergence.png>
Package pdftex.def Info: imagens/kl_divergence.png  used on input line 167.
(pdftex.def)             Requested size: 216.67201pt x 151.98804pt.

! Missing $ inserted.
<inserted text> 
                $
l.167 \end{frame}
                 
I've inserted a begin-math/end-math symbol since I think
you left one out. Proceed, with fingers crossed.

! Missing $ inserted.
<inserted text> 
                $
l.167 \end{frame}
                 
I've inserted a begin-math/end-math symbol since I think
you left one out. Proceed, with fingers crossed.

<imagens/action_based.png, id=205, 650.43pt x 456.2646pt>
File: imagens/action_based.png Graphic file (type png)
<use imagens/action_based.png>
Package pdftex.def Info: imagens/action_based.png  used on input line 167.
(pdftex.def)             Requested size: 216.67201pt x 151.98804pt.

Overfull \vbox (21.60555pt too high) detected at line 167
 []

File: imagens/hcmus_logo.png Graphic file (type png)
<use imagens/hcmus_logo.png>
Package pdftex.def Info: imagens/hcmus_logo.png  used on input line 167.
(pdftex.def)             Requested size: 14.93515pt x 12.22514pt.
[9

 <./imagens/kl_divergence.png> <./imagens/action_based.png>]
File: imagens/hcmus_logo.png Graphic file (type png)
<use imagens/hcmus_logo.png>
Package pdftex.def Info: imagens/hcmus_logo.png  used on input line 191.
(pdftex.def)             Requested size: 14.93515pt x 12.22514pt.
 [10

]
File: imagens/hcmus_logo.png Graphic file (type png)
<use imagens/hcmus_logo.png>
Package pdftex.def Info: imagens/hcmus_logo.png  used on input line 209.
(pdftex.def)             Requested size: 14.93515pt x 12.22514pt.
 [11

]
File: imagens/hcmus_logo.png Graphic file (type png)
<use imagens/hcmus_logo.png>
Package pdftex.def Info: imagens/hcmus_logo.png  used on input line 224.
(pdftex.def)             Requested size: 14.93515pt x 12.22514pt.

[12

]
File: imagens/hcmus_logo.png Graphic file (type png)
<use imagens/hcmus_logo.png>
Package pdftex.def Info: imagens/hcmus_logo.png  used on input line 241.
(pdftex.def)             Requested size: 14.93515pt x 12.22514pt.
 [13

]
File: imagens/hcmus_logo.png Graphic file (type png)
<use imagens/hcmus_logo.png>
Package pdftex.def Info: imagens/hcmus_logo.png  used on input line 253.
(pdftex.def)             Requested size: 14.93515pt x 12.22514pt.
 [14

]
File: imagens/hcmus_logo.png Graphic file (type png)
<use imagens/hcmus_logo.png>
Package pdftex.def Info: imagens/hcmus_logo.png  used on input line 268.
(pdftex.def)             Requested size: 14.93515pt x 12.22514pt.
 [15

]
<imagens/concept_2.png, id=274, 1027.84pt x 659.46375pt>
File: imagens/concept_2.png Graphic file (type png)
<use imagens/concept_2.png>
Package pdftex.def Info: imagens/concept_2.png  used on input line 277.
(pdftex.def)             Requested size: 281.67096pt x 180.72417pt.

Overfull \vbox (2.84157pt too high) detected at line 277
 []

File: imagens/hcmus_logo.png Graphic file (type png)
<use imagens/hcmus_logo.png>
Package pdftex.def Info: imagens/hcmus_logo.png  used on input line 277.
(pdftex.def)             Requested size: 14.93515pt x 12.22514pt.
[16

 <./imagens/concept_2.png>]
File: imagens/hcmus_logo.png Graphic file (type png)
<use imagens/hcmus_logo.png>
Package pdftex.def Info: imagens/hcmus_logo.png  used on input line 290.
(pdftex.def)             Requested size: 14.93515pt x 12.22514pt.
 [17

]
<imagens/simpson_2.png, id=290, 1736.4875pt x 842.14626pt>
File: imagens/simpson_2.png Graphic file (type png)
<use imagens/simpson_2.png>
Package pdftex.def Info: imagens/simpson_2.png  used on input line 304.
(pdftex.def)             Requested size: 303.3395pt x 147.10794pt.
File: imagens/hcmus_logo.png Graphic file (type png)
<use imagens/hcmus_logo.png>
Package pdftex.def Info: imagens/hcmus_logo.png  used on input line 304.
(pdftex.def)             Requested size: 14.93515pt x 12.22514pt.
 [18

 <./imagens/simpson_2.png>]
<imagens/hopfield_attention_2.png, id=299, 1305.87875pt x 2055.68pt>
File: imagens/hopfield_attention_2.png Graphic file (type png)
<use imagens/hopfield_attention_2.png>
Package pdftex.def Info: imagens/hopfield_attention_2.png  used on input line 3
14.
(pdftex.def)             Requested size: 108.336pt x 170.51161pt.

Overfull \vbox (9.96591pt too high) detected at line 314
 []

File: imagens/hcmus_logo.png Graphic file (type png)
<use imagens/hcmus_logo.png>
Package pdftex.def Info: imagens/hcmus_logo.png  used on input line 314.
(pdftex.def)             Requested size: 14.93515pt x 12.22514pt.
[19

 <./imagens/hopfield_attention_2.png>]
<imagens/nqueens.png, id=310, 521.95pt x 521.95pt>
File: imagens/nqueens.png Graphic file (type png)
<use imagens/nqueens.png>
Package pdftex.def Info: imagens/nqueens.png  used on input line 340.
(pdftex.def)             Requested size: 173.33496pt x 173.33513pt.

Overfull \vbox (12.78943pt too high) detected at line 340
 []

File: imagens/hcmus_logo.png Graphic file (type png)
<use imagens/hcmus_logo.png>
Package pdftex.def Info: imagens/hcmus_logo.png  used on input line 340.
(pdftex.def)             Requested size: 14.93515pt x 12.22514pt.
[20

 <./imagens/nqueens.png>]
<imagens/nqueen.png, id=320, 286.06876pt x 286.06876pt>
File: imagens/nqueen.png Graphic file (type png)
<use imagens/nqueen.png>
Package pdftex.def Info: imagens/nqueen.png  used on input line 352.
(pdftex.def)             Requested size: 173.33496pt x 173.33621pt.

Overfull \vbox (24.78226pt too high) detected at line 352
 []

File: imagens/hcmus_logo.png Graphic file (type png)
<use imagens/hcmus_logo.png>
Package pdftex.def Info: imagens/hcmus_logo.png  used on input line 352.
(pdftex.def)             Requested size: 14.93515pt x 12.22514pt.
[21

 <./imagens/nqueen.png>]
File: imagens/hcmus_logo.png Graphic file (type png)
<use imagens/hcmus_logo.png>
Package pdftex.def Info: imagens/hcmus_logo.png  used on input line 363.
(pdftex.def)             Requested size: 14.93515pt x 12.22514pt.
 [22

]
File: imagens/hcmus_logo.png Graphic file (type png)
<use imagens/hcmus_logo.png>
Package pdftex.def Info: imagens/hcmus_logo.png  used on input line 379.
(pdftex.def)             Requested size: 14.93515pt x 12.22514pt.
 [23

]
File: imagens/hcmus_logo.png Graphic file (type png)
<use imagens/hcmus_logo.png>
Package pdftex.def Info: imagens/hcmus_logo.png  used on input line 387.
(pdftex.def)             Requested size: 14.93515pt x 12.22514pt.
 [24

]
File: imagens/hcmus_logo.png Graphic file (type png)
<use imagens/hcmus_logo.png>
Package pdftex.def Info: imagens/hcmus_logo.png  used on input line 402.
(pdftex.def)             Requested size: 14.93515pt x 12.22514pt.
 [25

]
File: imagens/hcmus_logo.png Graphic file (type png)
<use imagens/hcmus_logo.png>
Package pdftex.def Info: imagens/hcmus_logo.png  used on input line 413.
(pdftex.def)             Requested size: 14.93515pt x 12.22514pt.
 [26

]
File: imagens/hcmus_logo.png Graphic file (type png)
<use imagens/hcmus_logo.png>
Package pdftex.def Info: imagens/hcmus_logo.png  used on input line 425.
(pdftex.def)             Requested size: 14.93515pt x 12.22514pt.
 [27

]
File: imagens/hcmus_logo.png Graphic file (type png)
<use imagens/hcmus_logo.png>
Package pdftex.def Info: imagens/hcmus_logo.png  used on input line 457.
(pdftex.def)             Requested size: 14.93515pt x 12.22514pt.
 [28

]
File: imagens/hcmus_logo.png Graphic file (type png)
<use imagens/hcmus_logo.png>
Package pdftex.def Info: imagens/hcmus_logo.png  used on input line 488.
(pdftex.def)             Requested size: 14.93515pt x 12.22514pt.
 [29

]
File: imagens/hcmus_logo.png Graphic file (type png)
<use imagens/hcmus_logo.png>
Package pdftex.def Info: imagens/hcmus_logo.png  used on input line 497.
(pdftex.def)             Requested size: 14.93515pt x 12.22514pt.
 [30

]
File: imagens/hcmus_logo.png Graphic file (type png)
<use imagens/hcmus_logo.png>
Package pdftex.def Info: imagens/hcmus_logo.png  used on input line 514.
(pdftex.def)             Requested size: 14.93515pt x 12.22514pt.

[31

]
<imagens/wordle.jpg, id=402, 1003.75pt x 1003.75pt>
File: imagens/wordle.jpg Graphic file (type jpg)
<use imagens/wordle.jpg>
Package pdftex.def Info: imagens/wordle.jpg  used on input line 532.
(pdftex.def)             Requested size: 122.84941pt x 122.85876pt.
<imagens/thinking.png, id=403, 1662.21pt x 1517.67pt>
File: imagens/thinking.png Graphic file (type png)
<use imagens/thinking.png>
Package pdftex.def Info: imagens/thinking.png  used on input line 532.
(pdftex.def)             Requested size: 134.55203pt x 122.85876pt.
File: imagens/hcmus_logo.png Graphic file (type png)
<use imagens/hcmus_logo.png>
Package pdftex.def Info: imagens/hcmus_logo.png  used on input line 532.
(pdftex.def)             Requested size: 14.93515pt x 12.22514pt.
 [32

 <./imagens/wordle.jpg> <./imagens/thinking.png>]
<imagens/onehot.jpg, id=411, 840.13875pt x 343.2825pt>
File: imagens/onehot.jpg Graphic file (type jpg)
<use imagens/onehot.jpg>
Package pdftex.def Info: imagens/onehot.jpg  used on input line 551.
(pdftex.def)             Requested size: 194.54825pt x 79.49744pt.
<imagens/low-rank-approximation.png, id=412, 268.8444pt x 158.5122pt>
File: imagens/low-rank-approximation.png Graphic file (type png)
<use imagens/low-rank-approximation.png>
Package pdftex.def Info: imagens/low-rank-approximation.png  used on input line
 551.
(pdftex.def)             Requested size: 110.31717pt x 65.04256pt.
File: imagens/hcmus_logo.png Graphic file (type png)
<use imagens/hcmus_logo.png>
Package pdftex.def Info: imagens/hcmus_logo.png  used on input line 551.
(pdftex.def)             Requested size: 14.93515pt x 12.22514pt.
 [33

 <./imagens/onehot.jpg> <./imagens/low-rank-approximation.png>]
File: imagens/hcmus_logo.png Graphic file (type png)
<use imagens/hcmus_logo.png>
Package pdftex.def Info: imagens/hcmus_logo.png  used on input line 567.
(pdftex.def)             Requested size: 14.93515pt x 12.22514pt.
 [34

] (main.bbl)
File: imagens/hcmus_logo.png Graphic file (type png)
<use imagens/hcmus_logo.png>
Package pdftex.def Info: imagens/hcmus_logo.png  used on input line 593.
(pdftex.def)             Requested size: 14.93515pt x 12.22514pt.
 [35

 <C:/Users/PC/AppData/Local/Programs/MiKTeX/tex/latex/beamer/beamericonarticle.
pdf>]
File: imagens/hcmus_logo.png Graphic file (type png)
<use imagens/hcmus_logo.png>
Package pdftex.def Info: imagens/hcmus_logo.png  used on input line 593.
(pdftex.def)             Requested size: 14.93515pt x 12.22514pt.
 [36


]
File: imagens/hcmus_logo.png Graphic file (type png)
<use imagens/hcmus_logo.png>
Package pdftex.def Info: imagens/hcmus_logo.png  used on input line 593.
(pdftex.def)             Requested size: 14.93515pt x 12.22514pt.

[37


]
\tf@nav=\write6
\openout6 = `main.nav'.

\tf@toc=\write7
\openout7 = `main.toc'.

\tf@snm=\write8
\openout8 = `main.snm'.

 (main.aux)
 ***********
LaTeX2e <2023-11-01> patch level 1
L3 programming layer <2024-01-04>
 ***********
Package rerunfilecheck Info: File `main.out' has not changed.
(rerunfilecheck)             Checksum: 3D42437EC714C95D1C114AD5E5259029;2327.
 ) 
Here is how much of TeX's memory you used:
 25063 strings out of 474486
 490004 string characters out of 5745171
 1939542 words of memory out of 5000000
 46727 multiletter control sequences out of 15000+600000
 574906 words of font info for 77 fonts, out of 8000000 for 9000
 1141 hyphenation exceptions out of 8191
 128i,15n,123p,398b,701s stack positions out of 10000i,1000n,20000p,200000b,200000s
 <C:\Users\PC\AppData\Local\MiKTeX\fonts/pk/ljfour/jknappen/ec/dpi600\ecrm090
0.pk> <C:\Users\PC\AppData\Local\MiKTeX\fonts/pk/ljfour/jknappen/ec/dpi600\tcrm
1095.pk> <C:\Users\PC\AppData\Local\MiKTeX\fonts/pk/ljfour/jknappen/ec/dpi600\e
cbi1095.pk> <C:\Users\PC\AppData\Local\MiKTeX\fonts/pk/ljfour/jknappen/ec/dpi60
0\ecrm0700.pk> <C:\Users\PC\AppData\Local\MiKTeX\fonts/pk/ljfour/jknappen/ec/dp
i600\ecti1095.pk> <C:\Users\PC\AppData\Local\MiKTeX\fonts/pk/ljfour/jknappen/ec
/dpi600\ecbx1000.pk> <C:\Users\PC\AppData\Local\MiKTeX\fonts/pk/ljfour/jknappen
/ec/dpi600\ecrm1000.pk> <C:\Users\PC\AppData\Local\MiKTeX\fonts/pk/ljfour/jknap
pen/ec/dpi600\ecbx1095.pk> <C:\Users\PC\AppData\Local\MiKTeX\fonts/pk/ljfour/jk
nappen/ec/dpi600\ecrm0600.pk> <C:\Users\PC\AppData\Local\MiKTeX\fonts/pk/ljfour
/jknappen/ec/dpi600\ecrm0800.pk> <C:\Users\PC\AppData\Local\MiKTeX\fonts/pk/ljf
our/jknappen/ec/dpi600\ecrm1095.pk> <C:\Users\PC\AppData\Local\MiKTeX\fonts/pk/
ljfour/jknappen/ec/dpi600\ecrm1440.pk><C:/Users/PC/AppData/Local/Programs/MiKTe
X/fonts/type1/public/amsfonts/cm/cmex10.pfb><C:/Users/PC/AppData/Local/Programs
/MiKTeX/fonts/type1/public/amsfonts/cm/cmmi10.pfb><C:/Users/PC/AppData/Local/Pr
ograms/MiKTeX/fonts/type1/public/amsfonts/cm/cmmi7.pfb><C:/Users/PC/AppData/Loc
al/Programs/MiKTeX/fonts/type1/public/amsfonts/cm/cmmi8.pfb><C:/Users/PC/AppDat
a/Local/Programs/MiKTeX/fonts/type1/public/amsfonts/cm/cmr10.pfb><C:/Users/PC/A
ppData/Local/Programs/MiKTeX/fonts/type1/public/amsfonts/cm/cmr8.pfb><C:/Users/
PC/AppData/Local/Programs/MiKTeX/fonts/type1/public/amsfonts/cm/cmsy10.pfb><C:/
Users/PC/AppData/Local/Programs/MiKTeX/fonts/type1/public/amsfonts/cm/cmsy8.pfb
>
Output written on main.pdf (37 pages, 5575782 bytes).
PDF statistics:
 955 PDF objects out of 1000 (max. 8388607)
 106 named destinations out of 1000 (max. 500000)
 289 words of extra memory for PDF output out of 10000 (max. 10000000)

